I'm sorry, but errors were detected in your script. Please correct the
errors listed below, and try again.


File "game/screens.rpy", line 363: u'show' is not a keyword argument or valid child for the hbox statement.
    show screen _performance
        ^

Ren'Py Version: Ren'Py 7.5.3.22090809
Wed Nov 13 14:44:53 2024
